00000000-0007ffff : reserved
00080000-3f7fffff : System RAM
  00210000-0123ffff : Kernel code
  01240000-0169ffff : reserved
  016a0000-01a0ffff : Kernel data
  2e554000-2e567fff : reserved
  2e568000-2effffff : reserved
40000000-1ffffffff : System RAM
  e8000000-ffffffff : reserved
  17e000000-17fffffff : reserved
  1fedd8000-1ffb77fff : reserved
  1ffb80000-1ffb83fff : reserved
  1ffb84000-1ffb8ffff : reserved
  1ffb90000-1ffb97fff : reserved
  1ffb98000-1ffffffff : reserved
1000005100-100000517f : 1000005100.iommu iommu@5100
1000005200-100000527f : 1000005200.iommu iommu@5200
1000005280-10000052ff : 1000005280.iommu iommu@5280
1000005b00-1000005b7f : 1000005b00.iommuc iommuc@5b00
1000010000-10000105ff : 1000010000.dma dma@10000
1000010600-1000010bff : 1000010600.dma dma@10600
1000119500-100011950f : 1000119500.reset-controller reset-controller@119500
1000120000-100012930f : 1000120000.pcie pcie@120000
1000fff000-1000fff25f : 1000fff000.mmc host
1000fff400-1000fff5ff : 1000fff000.mmc cfg
1001100000-100110025f : 1001100000.mmc host
1001100400-10011005ff : 1001100000.mmc cfg
10015040b0-10015040b3 : 1000fff000.mmc busisol
1001504318-1001504347 : 1001504318.reset-controller reset-controller@1504318
10015200f0-1001520113 : 1000fff000.mmc lcpll
107c013880-107c0138bf : 107c013880.mailbox mailbox@7c013880
107c700000-107c70000f : 107c700000.clock clock@7c700000
107d001000-107d0011ff : serial@7d001000
  107d001000-107d0011ff : 107d001000.serial serial@7d001000
107d004000-107d0041ff : 107d004000.spi spi@7d004000
107d200000-107d200307 : 107d200000.watchdog pm
107d208000-107d208027 : 107d208000.rng rng@7d208000
107d504100-107d50412f : 107d504100.pinctrl pinctrl@7d504100
107d508200-107d508257 : 107d508200.i2c i2c@7d508200
107d508280-107d5082d7 : 107d508280.i2c i2c@7d508280
107d508500-107d50853f : 107d508500.gpio gpio@7d508500
107d50c000-107d50c01f : serial
107d510700-107d51071f : 107d510700.pinctrl pinctrl@7d510700
107d517a80-107d517aa7 : 107d517a80.pwm pwm@7d517a80
107d517c00-107d517c3f : 107d517c00.gpio gpio@7d517c00
1c00000000-1effffffff : pcie@120000
1f00000000-1ffffffffb : pcie@120000
  1f00000000-1f005fffff : PCI Bus 0000:01
    1f00000000-1f003fffff : 0000:01:00.0
      1f00018000-1f00028037 : 1f00018000.clocks clocks@18000
      1f0009c000-1f0009c0ff : 1f0009c000.pwm pwm@9c000
      1f000c8000-1f000cbfff : 1f000c8000.adc adc@c8000
      1f000d0000-1f000dbfff : 1f000d0000.gpio gpio@d0000
      1f000e0000-1f000ebfff : 1f000d0000.gpio gpio@d0000
      1f000f0000-1f000fbfff : 1f000d0000.gpio gpio@d0000
      1f00100000-1f00103fff : 1f00100000.ethernet ethernet@100000
      1f00188000-1f00188fff : 1f00188000.dma dma@188000
      1f00200000-1f00207fff : usb@200000
        1f00200000-1f00207fff : xhci-hcd.0 usb@200000
      1f0020c100-1f002fffff : 1f00200000.usb usb@200000
      1f00300000-1f00307fff : usb@300000
        1f00300000-1f00307fff : xhci-hcd.1 usb@300000
      1f0030c100-1f003fffff : 1f00300000.usb usb@300000
    1f00400000-1f0040ffff : 0000:01:00.0
    1f00410000-1f00413fff : 0000:01:00.0